// Jest Snapshot v1, https://goo.gl/fbAQLP

exports[`should handle async error 1`] = `
Object {
  "data": Object {
    "httpStatusCode": 500,
  },
  "message": "debug_async_error",
}
`;
